// Jest Snapshot v1, https://goo.gl/fbAQLP

exports[`PlayerList renders the list of players from the store 1`] = `
<div
  class="box has-background-white-ter"
>
  <h2
    class="title is-2"
  >
    Players
  </h2>
   
  <ol
    class="list"
  >
    <li
      class="player-list-item list-item"
    >
      <span
        class="columns is-vcentered player-info is-primary is-top is-medium b-tooltip is-animated"
        data-label="foo"
        style="transition-delay: 0ms;"
      >
        <div
          class="column is-narrow"
        >
          <div>
            <img
              src="../assets/logo.png"
            />
          </div>
        </div>
         
        <div
          class="column player-name has-text-left is-size-4"
        >
          <p>
            foo
          </p>
        </div>
         
        <div
          class="column is-narrow"
        >
          <!---->
        </div>
      </span>
    </li>
    <li
      class="player-list-item list-item"
    >
      <span
        class="columns is-vcentered player-info is-primary is-top is-medium b-tooltip is-animated"
        data-label="bar"
        style="transition-delay: 0ms;"
      >
        <div
          class="column is-narrow"
        >
          <div>
            <img
              src="../assets/logo.png"
            />
          </div>
        </div>
         
        <div
          class="column player-name has-text-left is-size-4"
        >
          <p>
            bar
          </p>
        </div>
         
        <div
          class="column is-narrow"
        >
          <!---->
        </div>
      </span>
    </li>
  </ol>
</div>
`;
